#
# There is insufficient memory for the Java Runtime Environment to continue.
# Native memory allocation (malloc) failed to allocate 1487056 bytes for Chunk::new
# Possible reasons:
#   The system is out of physical RAM or swap space
#   The process is running with CompressedOops enabled, and the Java Heap may be blocking the growth of the native heap
# Possible solutions:
#   Reduce memory load on the system
#   Increase physical memory or swap space
#   Check if swap backing store is full
#   Decrease Java heap size (-Xmx/-Xms)
#   Decrease number of Java threads
#   Decrease Java thread stack sizes (-Xss)
#   Set larger code cache with -XX:ReservedCodeCacheSize=
#   JVM is running with Unscaled Compressed Oops mode in which the Java heap is
#     placed in the first 4GB address space. The Java Heap base address is the
#     maximum limit for the native heap growth. Please use -XX:HeapBaseMinAddress
#     to set the Java Heap base and to place the Java Heap above 4GB virtual address.
# This output file may be truncated or incomplete.
#
#  Out of Memory Error (arena.cpp:184), pid=15196, tid=13992
#
# JRE version: Java(TM) SE Runtime Environment (18.0.1.1+2) (build 18.0.1.1+2-6)
# Java VM: Java HotSpot(TM) 64-Bit Server VM (18.0.1.1+2-6, mixed mode, sharing, tiered, compressed oops, compressed class ptrs, g1 gc, windows-amd64)
# No core dump will be written. Minidumps are not enabled by default on client versions of Windows
#

---------------  S U M M A R Y ------------

Command Line: -XX:+ShowCodeDetailsInExceptionMessages com.example.chetos.ChetosApplication

Host: 11th Gen Intel(R) Core(TM) i3-1115G4 @ 3.00GHz, 4 cores, 7G,  Windows 11 , 64 bit Build 22621 (10.0.22621.5124)
Time: Wed Apr  9 12:31:00 2025 E. South America Standard Time elapsed time: 12.869363 seconds (0d 0h 0m 12s)

---------------  T H R E A D  ---------------

Current thread (0x00000148feb70750):  JavaThread "C2 CompilerThread0" daemon [_thread_in_native, id=13992, stack(0x00000026daf00000,0x00000026db000000)]


Current CompileTask:
C2:  12869 4202       4       org.springframework.core.annotation.TypeMappedAnnotations::get (52 bytes)

Stack: [0x00000026daf00000,0x00000026db000000]
Native frames: (J=compiled Java code, j=interpreted, Vv=VM code, C=native code)
V  [jvm.dll+0x69887a]
V  [jvm.dll+0x7f38bd]
V  [jvm.dll+0x7f51ce]
V  [jvm.dll+0x7f5883]
V  [jvm.dll+0x25ca3f]
V  [jvm.dll+0xb8c2f]
V  [jvm.dll+0xb8fa5]
V  [jvm.dll+0x385a31]
V  [jvm.dll+0x1d27c2]
V  [jvm.dll+0x22fd79]
V  [jvm.dll+0x22eff1]
V  [jvm.dll+0x1b9cfc]
V  [jvm.dll+0x23e8ca]
V  [jvm.dll+0x23cbb5]
V  [jvm.dll+0x7a5fb1]
V  [jvm.dll+0x7a03ea]
V  [jvm.dll+0x697725]
C  [ucrtbase.dll+0x29333]
C  [KERNEL32.DLL+0x1259d]
C  [ntdll.dll+0x5af38]


---------------  P R O C E S S  ---------------

Threads class SMR info:
_java_thread_list=0x000001489a972380, length=18, elements={
0x00000148f4269360, 0x00000148feb4efc0, 0x00000148feb4f960, 0x00000148feb6b990,
0x00000148feb6c330, 0x00000148feb6f0e0, 0x00000148feb6fa80, 0x00000148feb70750,
0x00000148feb71130, 0x00000148feb74a40, 0x00000148990a9ee0, 0x00000148990b4de0,
0x00000148993fd970, 0x00000148993fde30, 0x0000014899f76940, 0x000001489a8c7a40,
0x000001489a928410, 0x000001489a929c20
}

Java Threads: ( => current thread )
  0x00000148f4269360 JavaThread "main" [_thread_blocked, id=15284, stack(0x00000026da200000,0x00000026da300000)]
  0x00000148feb4efc0 JavaThread "Reference Handler" daemon [_thread_blocked, id=19076, stack(0x00000026da900000,0x00000026daa00000)]
  0x00000148feb4f960 JavaThread "Finalizer" daemon [_thread_blocked, id=17136, stack(0x00000026daa00000,0x00000026dab00000)]
  0x00000148feb6b990 JavaThread "Signal Dispatcher" daemon [_thread_blocked, id=7152, stack(0x00000026dab00000,0x00000026dac00000)]
  0x00000148feb6c330 JavaThread "Attach Listener" daemon [_thread_blocked, id=19284, stack(0x00000026dac00000,0x00000026dad00000)]
  0x00000148feb6f0e0 JavaThread "Service Thread" daemon [_thread_blocked, id=17812, stack(0x00000026dad00000,0x00000026dae00000)]
  0x00000148feb6fa80 JavaThread "Monitor Deflation Thread" daemon [_thread_blocked, id=17372, stack(0x00000026dae00000,0x00000026daf00000)]
=>0x00000148feb70750 JavaThread "C2 CompilerThread0" daemon [_thread_in_native, id=13992, stack(0x00000026daf00000,0x00000026db000000)]
  0x00000148feb71130 JavaThread "C1 CompilerThread0" daemon [_thread_blocked, id=11720, stack(0x00000026db000000,0x00000026db100000)]
  0x00000148feb74a40 JavaThread "Sweeper thread" daemon [_thread_blocked, id=428, stack(0x00000026db100000,0x00000026db200000)]
  0x00000148990a9ee0 JavaThread "Notification Thread" daemon [_thread_blocked, id=9076, stack(0x00000026db200000,0x00000026db300000)]
  0x00000148990b4de0 JavaThread "Common-Cleaner" daemon [_thread_blocked, id=1412, stack(0x00000026db400000,0x00000026db500000)]
  0x00000148993fd970 JavaThread "Thread-0" [_thread_blocked, id=13200, stack(0x00000026db800000,0x00000026db900000)]
  0x00000148993fde30 JavaThread "restartedMain" [_thread_in_Java, id=4312, stack(0x00000026db900000,0x00000026dba00000)]
  0x0000014899f76940 JavaThread "Catalina-utility-1" [_thread_blocked, id=10200, stack(0x00000026dba00000,0x00000026dbb00000)]
  0x000001489a8c7a40 JavaThread "Catalina-utility-2" [_thread_blocked, id=15316, stack(0x00000026dbb00000,0x00000026dbc00000)]
  0x000001489a928410 JavaThread "container-0" [_thread_blocked, id=16464, stack(0x00000026dbc00000,0x00000026dbd00000)]
  0x000001489a929c20 JavaThread "mysql-cj-abandoned-connection-cleanup" daemon [_thread_blocked, id=19336, stack(0x00000026dbd00000,0x00000026dbe00000)]

Other Threads:
  0x00000148feb49330 VMThread "VM Thread" [stack: 0x00000026da800000,0x00000026da900000] [id=8808]
  0x00000148990b0fe0 WatcherThread "VM Periodic Task Thread" [stack: 0x00000026db300000,0x00000026db400000] [id=15436]
  0x00000148f42cf5d0 WorkerThread "GC Thread#0" [stack: 0x00000026da300000,0x00000026da400000] [id=17120]
  0x00000148999a8ab0 WorkerThread "GC Thread#1" [stack: 0x00000026db500000,0x00000026db600000] [id=3752]
  0x00000148999a8d50 WorkerThread "GC Thread#2" [stack: 0x00000026db600000,0x00000026db700000] [id=17692]
  0x0000014899b70a00 WorkerThread "GC Thread#3" [stack: 0x00000026db700000,0x00000026db800000] [id=13996]
  0x00000148f42dfec0 ConcurrentGCThread "G1 Main Marker" [stack: 0x00000026da400000,0x00000026da500000] [id=15024]
  0x00000148f42e2060 WorkerThread "G1 Conc#0" [stack: 0x00000026da500000,0x00000026da600000] [id=4916]
  0x00000148f431dbb0 ConcurrentGCThread "G1 Refine#0" [stack: 0x00000026da600000,0x00000026da700000] [id=2232]
  0x00000148f431e4c0 ConcurrentGCThread "G1 Service" [stack: 0x00000026da700000,0x00000026da800000] [id=5784]

Threads with active compile tasks:
C2 CompilerThread0    12908 4202       4       org.springframework.core.annotation.TypeMappedAnnotations::get (52 bytes)

VM state: not at safepoint (normal execution)

VM Mutex/Monitor currently owned by a thread: None

Heap address: 0x0000000083200000, size: 1998 MB, Compressed Oops mode: 32-bit

CDS archive(s) mapped at: [0x0000000800000000-0x0000000800ba0000-0x0000000800ba0000), size 12189696, SharedBaseAddress: 0x0000000800000000, ArchiveRelocationMode: 0.
Compressed class space mapped at: 0x0000000800c00000-0x0000000840c00000, reserved size: 1073741824
Narrow klass base: 0x0000000800000000, Narrow klass shift: 0, Narrow klass range: 0x100000000

GC Precious Log:
 CardTable entry size: 512
 Card Set container configuration: InlinePtr #cards 5 size 8 Array Of Cards #cards 12 size 40 Howl #buckets 4 coarsen threshold 1843 Howl Bitmap #cards 512 size 80 coarsen threshold 460 Card regions per heap region 1 cards per card region 2048
 CPUs: 4 total, 4 available
 Memory: 7991M
 Large Page Support: Disabled
 NUMA Support: Disabled
 Compressed Oops: Enabled (32-bit)
 Heap Region Size: 1M
 Heap Min Capacity: 8M
 Heap Initial Capacity: 126M
 Heap Max Capacity: 1998M
 Pre-touch: Disabled
 Parallel Workers: 4
 Concurrent Workers: 1
 Concurrent Refinement Workers: 4
 Periodic GC: Disabled

Heap:
 garbage-first heap   total 58368K, used 25524K [0x0000000083200000, 0x0000000100000000)
  region size 1024K, 8 young (8192K), 2 survivors (2048K)
 Metaspace       used 34429K, committed 34880K, reserved 1114112K
  class space    used 4485K, committed 4672K, reserved 1048576K

Heap Regions: E=young(eden), S=young(survivor), O=old, HS=humongous(starts), HC=humongous(continues), CS=collection set, F=free, OA=open archive, CA=closed archive, TAMS=top-at-mark-start (previous, next)
|   0|0x0000000083200000, 0x0000000083300000, 0x0000000083300000|100%|HS|  |TAMS 0x0000000083300000, 0x0000000083200000| Complete 
|   1|0x0000000083300000, 0x0000000083400000, 0x0000000083400000|100%|HS|  |TAMS 0x0000000083400000, 0x0000000083300000| Complete 
|   2|0x0000000083400000, 0x0000000083500000, 0x0000000083500000|100%| O|  |TAMS 0x0000000083500000, 0x0000000083400000| Untracked 
|   3|0x0000000083500000, 0x0000000083600000, 0x0000000083600000|100%| O|  |TAMS 0x0000000083600000, 0x0000000083500000| Untracked 
|   4|0x0000000083600000, 0x0000000083700000, 0x0000000083700000|100%| O|  |TAMS 0x0000000083700000, 0x0000000083600000| Untracked 
|   5|0x0000000083700000, 0x0000000083800000, 0x0000000083800000|100%| O|  |TAMS 0x0000000083800000, 0x0000000083700000| Untracked 
|   6|0x0000000083800000, 0x0000000083900000, 0x0000000083900000|100%| O|  |TAMS 0x0000000083900000, 0x0000000083800000| Untracked 
|   7|0x0000000083900000, 0x000000008391de00, 0x0000000083a00000| 11%| O|  |TAMS 0x000000008391de00, 0x0000000083900000| Untracked 
|   8|0x0000000083a00000, 0x0000000083b00000, 0x0000000083b00000|100%| O|  |TAMS 0x0000000083a00000, 0x0000000083a00000| Untracked 
|   9|0x0000000083b00000, 0x0000000083c00000, 0x0000000083c00000|100%| O|  |TAMS 0x0000000083b00000, 0x0000000083b00000| Untracked 
|  10|0x0000000083c00000, 0x0000000083d00000, 0x0000000083d00000|100%| O|  |TAMS 0x0000000083c00000, 0x0000000083c00000| Untracked 
|  11|0x0000000083d00000, 0x0000000083e00000, 0x0000000083e00000|100%| O|  |TAMS 0x0000000083d00000, 0x0000000083d00000| Untracked 
|  12|0x0000000083e00000, 0x0000000083f00000, 0x0000000083f00000|100%| O|  |TAMS 0x0000000083e00000, 0x0000000083e00000| Untracked 
|  13|0x0000000083f00000, 0x0000000084000000, 0x0000000084000000|100%| O|  |TAMS 0x0000000083f00000, 0x0000000083f00000| Untracked 
|  14|0x0000000084000000, 0x0000000084100000, 0x0000000084100000|100%| O|  |TAMS 0x0000000084000000, 0x0000000084000000| Untracked 
|  15|0x0000000084100000, 0x0000000084200000, 0x0000000084200000|100%| O|  |TAMS 0x0000000084100000, 0x0000000084100000| Untracked 
|  16|0x0000000084200000, 0x0000000084300000, 0x0000000084300000|100%| O|  |TAMS 0x0000000084200000, 0x0000000084200000| Untracked 
|  17|0x0000000084300000, 0x0000000084400000, 0x0000000084400000|100%| O|  |TAMS 0x0000000084300000, 0x0000000084300000| Untracked 
|  18|0x0000000084400000, 0x0000000084500000, 0x0000000084500000|100%| O|  |TAMS 0x0000000084400000, 0x0000000084400000| Untracked 
|  19|0x0000000084500000, 0x0000000084511200, 0x0000000084600000|  6%| O|  |TAMS 0x0000000084500000, 0x0000000084500000| Untracked 
|  20|0x0000000084600000, 0x0000000084600000, 0x0000000084700000|  0%| F|  |TAMS 0x0000000084600000, 0x0000000084600000| Untracked 
|  21|0x0000000084700000, 0x0000000084700000, 0x0000000084800000|  0%| F|  |TAMS 0x0000000084700000, 0x0000000084700000| Untracked 
|  22|0x0000000084800000, 0x0000000084800000, 0x0000000084900000|  0%| F|  |TAMS 0x0000000084800000, 0x0000000084800000| Untracked 
|  23|0x0000000084900000, 0x0000000084900000, 0x0000000084a00000|  0%| F|  |TAMS 0x0000000084900000, 0x0000000084900000| Untracked 
|  24|0x0000000084a00000, 0x0000000084a00000, 0x0000000084b00000|  0%| F|  |TAMS 0x0000000084a00000, 0x0000000084a00000| Untracked 
|  25|0x0000000084b00000, 0x0000000084b00000, 0x0000000084c00000|  0%| F|  |TAMS 0x0000000084b00000, 0x0000000084b00000| Untracked 
|  26|0x0000000084c00000, 0x0000000084c00000, 0x0000000084d00000|  0%| F|  |TAMS 0x0000000084c00000, 0x0000000084c00000| Untracked 
|  27|0x0000000084d00000, 0x0000000084d00000, 0x0000000084e00000|  0%| F|  |TAMS 0x0000000084d00000, 0x0000000084d00000| Untracked 
|  28|0x0000000084e00000, 0x0000000084ebe360, 0x0000000084f00000| 74%| S|CS|TAMS 0x0000000084e00000, 0x0000000084e00000| Complete 
|  29|0x0000000084f00000, 0x0000000085000000, 0x0000000085000000|100%| S|CS|TAMS 0x0000000084f00000, 0x0000000084f00000| Complete 
|  30|0x0000000085000000, 0x0000000085000000, 0x0000000085100000|  0%| F|  |TAMS 0x0000000085000000, 0x0000000085000000| Untracked 
|  31|0x0000000085100000, 0x0000000085100000, 0x0000000085200000|  0%| F|  |TAMS 0x0000000085100000, 0x0000000085100000| Untracked 
|  32|0x0000000085200000, 0x0000000085200000, 0x0000000085300000|  0%| F|  |TAMS 0x0000000085200000, 0x0000000085200000| Untracked 
|  33|0x0000000085300000, 0x0000000085300000, 0x0000000085400000|  0%| F|  |TAMS 0x0000000085300000, 0x0000000085300000| Untracked 
|  34|0x0000000085400000, 0x0000000085400000, 0x0000000085500000|  0%| F|  |TAMS 0x0000000085400000, 0x0000000085400000| Untracked 
|  35|0x0000000085500000, 0x0000000085500000, 0x0000000085600000|  0%| F|  |TAMS 0x0000000085500000, 0x0000000085500000| Untracked 
|  36|0x0000000085600000, 0x0000000085600000, 0x0000000085700000|  0%| F|  |TAMS 0x0000000085600000, 0x0000000085600000| Untracked 
|  37|0x0000000085700000, 0x0000000085700000, 0x0000000085800000|  0%| F|  |TAMS 0x0000000085700000, 0x0000000085700000| Untracked 
|  38|0x0000000085800000, 0x0000000085800000, 0x0000000085900000|  0%| F|  |TAMS 0x0000000085800000, 0x0000000085800000| Untracked 
|  39|0x0000000085900000, 0x0000000085900000, 0x0000000085a00000|  0%| F|  |TAMS 0x0000000085900000, 0x0000000085900000| Untracked 
|  40|0x0000000085a00000, 0x0000000085a00000, 0x0000000085b00000|  0%| F|  |TAMS 0x0000000085a00000, 0x0000000085a00000| Untracked 
|  41|0x0000000085b00000, 0x0000000085b00000, 0x0000000085c00000|  0%| F|  |TAMS 0x0000000085b00000, 0x0000000085b00000| Untracked 
|  42|0x0000000085c00000, 0x0000000085c00000, 0x0000000085d00000|  0%| F|  |TAMS 0x0000000085c00000, 0x0000000085c00000| Untracked 
|  43|0x0000000085d00000, 0x0000000085d00000, 0x0000000085e00000|  0%| F|  |TAMS 0x0000000085d00000, 0x0000000085d00000| Untracked 
|  44|0x0000000085e00000, 0x0000000085e00000, 0x0000000085f00000|  0%| F|  |TAMS 0x0000000085e00000, 0x0000000085e00000| Untracked 
|  45|0x0000000085f00000, 0x0000000085f00000, 0x0000000086000000|  0%| F|  |TAMS 0x0000000085f00000, 0x0000000085f00000| Untracked 
|  46|0x0000000086000000, 0x0000000086000000, 0x0000000086100000|  0%| F|  |TAMS 0x0000000086000000, 0x0000000086000000| Untracked 
|  47|0x0000000086100000, 0x0000000086100000, 0x0000000086200000|  0%| F|  |TAMS 0x0000000086100000, 0x0000000086100000| Untracked 
|  68|0x0000000087600000, 0x0000000087600000, 0x0000000087700000|  0%| F|  |TAMS 0x0000000087600000, 0x0000000087600000| Untracked 
|  69|0x0000000087700000, 0x0000000087700000, 0x0000000087800000|  0%| F|  |TAMS 0x0000000087700000, 0x0000000087700000| Untracked 
|  70|0x0000000087800000, 0x0000000087800000, 0x0000000087900000|  0%| F|  |TAMS 0x0000000087800000, 0x0000000087800000| Untracked 
|  71|0x0000000087900000, 0x00000000879ddcc0, 0x0000000087a00000| 86%| E|  |TAMS 0x0000000087900000, 0x0000000087900000| Complete 
|  72|0x0000000087a00000, 0x0000000087b00000, 0x0000000087b00000|100%| E|CS|TAMS 0x0000000087a00000, 0x0000000087a00000| Complete 
|  73|0x0000000087b00000, 0x0000000087c00000, 0x0000000087c00000|100%| E|CS|TAMS 0x0000000087b00000, 0x0000000087b00000| Complete 
|  74|0x0000000087c00000, 0x0000000087d00000, 0x0000000087d00000|100%| E|CS|TAMS 0x0000000087c00000, 0x0000000087c00000| Complete 
|  75|0x0000000087d00000, 0x0000000087e00000, 0x0000000087e00000|100%| E|CS|TAMS 0x0000000087d00000, 0x0000000087d00000| Complete 
| 125|0x000000008af00000, 0x000000008b000000, 0x000000008b000000|100%| E|CS|TAMS 0x000000008af00000, 0x000000008af00000| Complete 

Card table byte_map: [0x00000148fdd80000,0x00000148fe170000] _byte_map_base: 0x00000148fd967000

Marking Bits (Prev, Next): (CMBitMap*) 0x00000148f42cfc10, (CMBitMap*) 0x00000148f42cfbd0
 Prev Bits: [0x0000014890f40000, 0x0000014892e78000)
 Next Bits: [0x000001488f000000, 0x0000014890f38000)

Polling page: 0x00000148f4320000

Metaspace:

Usage:
  Non-class:     29.25 MB used.
      Class:      4.38 MB used.
       Both:     33.63 MB used.

Virtual space:
  Non-class space:       64.00 MB reserved,      29.50 MB ( 46%) committed,  1 nodes.
      Class space:        1.00 GB reserved,       4.56 MB ( <1%) committed,  1 nodes.
             Both:        1.06 GB reserved,      34.06 MB (  3%) committed. 

Chunk freelists:
   Non-Class:  1.91 MB
       Class:  3.38 MB
        Both:  5.28 MB

MaxMetaspaceSize: unlimited
CompressedClassSpaceSize: 1.00 GB
Initial GC threshold: 21.00 MB
Current GC threshold: 35.12 MB
CDS: on
MetaspaceReclaimPolicy: balanced
 - commit_granule_bytes: 65536.
 - commit_granule_words: 8192.
 - virtual_space_node_default_size: 8388608.
 - enlarge_chunks_in_place: 1.
 - new_chunks_are_fully_committed: 0.
 - uncommit_free_chunks: 1.
 - use_allocation_guard: 0.


Internal statistics:

num_allocs_failed_limit: 3.
num_arena_births: 578.
num_arena_deaths: 0.
num_vsnodes_births: 2.
num_vsnodes_deaths: 0.
num_space_committed: 545.
num_space_uncommitted: 0.
num_chunks_returned_to_freelist: 3.
num_chunks_taken_from_freelist: 1805.
num_chunk_merges: 3.
num_chunk_splits: 1272.
num_chunks_enlarged: 990.
num_inconsistent_stats: 0.

CodeHeap 'non-profiled nmethods': size=120000Kb used=2106Kb max_used=2106Kb free=117893Kb
 bounds [0x0000014887ad0000, 0x0000014887d40000, 0x000001488f000000]
CodeHeap 'profiled nmethods': size=120000Kb used=8952Kb max_used=8952Kb free=111047Kb
 bounds [0x00000148805a0000, 0x0000014880e60000, 0x0000014887ad0000]
CodeHeap 'non-nmethods': size=5760Kb used=1250Kb max_used=1276Kb free=4509Kb
 bounds [0x0000014880000000, 0x0000014880270000, 0x00000148805a0000]
 total_blobs=4742 nmethods=4207 adapters=447
 compilation: enabled
              stopped_count=0, restarted_count=0
 full_count=0

Compilation events (20 events):
Event: 12.379 Thread 0x00000148feb71130 4211       1       java.util.Collections$EmptyEnumeration::hasMoreElements (2 bytes)
Event: 12.379 Thread 0x00000148feb71130 nmethod 4211 0x0000014887cce210 code [0x0000014887cce3a0, 0x0000014887cce478]
Event: 12.473 Thread 0x00000148feb70750 nmethod 4152 0x0000014887cce510 code [0x0000014887ccee20, 0x0000014887cd5108]
Event: 12.474 Thread 0x00000148feb70750 4133   !   4       java.lang.reflect.Executable::declaredAnnotations (85 bytes)
Event: 12.474 Thread 0x00000148feb71130 4212       3       java.lang.CompoundEnumeration::hasMoreElements (5 bytes)
Event: 12.474 Thread 0x00000148feb71130 nmethod 4212 0x0000014880e51790 code [0x0000014880e51920, 0x0000014880e51a68]
Event: 12.475 Thread 0x00000148feb71130 4213       1       java.util.Spliterators$EmptySpliterator::characteristics (4 bytes)
Event: 12.475 Thread 0x00000148feb71130 nmethod 4213 0x0000014887cdba10 code [0x0000014887cdbba0, 0x0000014887cdbc78]
Event: 12.479 Thread 0x00000148feb70750 nmethod 4133 0x0000014887cdbd10 code [0x0000014887cdbee0, 0x0000014887cdc448]
Event: 12.479 Thread 0x00000148feb70750 4153       4       org.springframework.util.ConcurrentReferenceHashMap::getReference (18 bytes)
Event: 12.503 Thread 0x00000148feb70750 nmethod 4153 0x0000014887cdc710 code [0x0000014887cdc8e0, 0x0000014887cdd0b8]
Event: 12.503 Thread 0x00000148feb70750 4154       4       org.springframework.util.ConcurrentReferenceHashMap$Segment::getReference (55 bytes)
Event: 12.515 Thread 0x00000148feb70750 nmethod 4154 0x0000014887cdd690 code [0x0000014887cdd860, 0x0000014887cddeb8]
Event: 12.515 Thread 0x00000148feb70750 4202       4       org.springframework.core.annotation.TypeMappedAnnotations::get (52 bytes)
Event: 12.530 Thread 0x00000148feb71130 4214       3       java.lang.Long::valueOf (40 bytes)
Event: 12.530 Thread 0x00000148feb71130 nmethod 4214 0x0000014880e51b10 code [0x0000014880e51cc0, 0x0000014880e52018]
Event: 12.679 Thread 0x00000148feb71130 4217       3       java.lang.invoke.VarHandleGuards::guard_LII_V (137 bytes)
Event: 12.682 Thread 0x00000148feb71130 nmethod 4217 0x0000014880e52190 code [0x0000014880e525e0, 0x0000014880e55118]
Event: 12.682 Thread 0x00000148feb71130 4218       3       java.lang.invoke.VarHandleByteArrayAsInts$ArrayHandle::set (39 bytes)
Event: 12.683 Thread 0x00000148feb71130 nmethod 4218 0x0000014880e55d90 code [0x0000014880e55f60, 0x0000014880e563a8]

GC Heap History (14 events):
Event: 0.754 GC heap before
{Heap before GC invocations=0 (full 0):
 garbage-first heap   total 129024K, used 15360K [0x0000000083200000, 0x0000000100000000)
  region size 1024K, 13 young (13312K), 0 survivors (0K)
 Metaspace       used 3014K, committed 3200K, reserved 1114112K
  class space    used 315K, committed 384K, reserved 1048576K
}
Event: 0.774 GC heap after
{Heap after GC invocations=1 (full 0):
 garbage-first heap   total 129024K, used 7189K [0x0000000083200000, 0x0000000100000000)
  region size 1024K, 2 young (2048K), 2 survivors (2048K)
 Metaspace       used 3014K, committed 3200K, reserved 1114112K
  class space    used 315K, committed 384K, reserved 1048576K
}
Event: 1.117 GC heap before
{Heap before GC invocations=1 (full 0):
 garbage-first heap   total 129024K, used 16405K [0x0000000083200000, 0x0000000100000000)
  region size 1024K, 12 young (12288K), 2 survivors (2048K)
 Metaspace       used 5291K, committed 5504K, reserved 1114112K
  class space    used 606K, committed 704K, reserved 1048576K
}
Event: 1.121 GC heap after
{Heap after GC invocations=2 (full 0):
 garbage-first heap   total 129024K, used 7854K [0x0000000083200000, 0x0000000100000000)
  region size 1024K, 1 young (1024K), 1 survivors (1024K)
 Metaspace       used 5291K, committed 5504K, reserved 1114112K
  class space    used 606K, committed 704K, reserved 1048576K
}
Event: 1.602 GC heap before
{Heap before GC invocations=2 (full 0):
 garbage-first heap   total 129024K, used 31406K [0x0000000083200000, 0x0000000100000000)
  region size 1024K, 25 young (25600K), 1 survivors (1024K)
 Metaspace       used 11371K, committed 11712K, reserved 1114112K
  class space    used 1480K, committed 1664K, reserved 1048576K
}
Event: 1.606 GC heap after
{Heap after GC invocations=3 (full 0):
 garbage-first heap   total 129024K, used 9815K [0x0000000083200000, 0x0000000100000000)
  region size 1024K, 3 young (3072K), 3 survivors (3072K)
 Metaspace       used 11371K, committed 11712K, reserved 1114112K
  class space    used 1480K, committed 1664K, reserved 1048576K
}
Event: 2.852 GC heap before
{Heap before GC invocations=3 (full 0):
 garbage-first heap   total 129024K, used 55895K [0x0000000083200000, 0x0000000100000000)
  region size 1024K, 50 young (51200K), 3 survivors (3072K)
 Metaspace       used 21212K, committed 21504K, reserved 1114112K
  class space    used 2657K, committed 2816K, reserved 1048576K
}
Event: 2.860 GC heap after
{Heap after GC invocations=4 (full 0):
 garbage-first heap   total 129024K, used 14747K [0x0000000083200000, 0x0000000100000000)
  region size 1024K, 8 young (8192K), 8 survivors (8192K)
 Metaspace       used 21212K, committed 21504K, reserved 1114112K
  class space    used 2657K, committed 2816K, reserved 1048576K
}
Event: 4.566 GC heap before
{Heap before GC invocations=5 (full 0):
 garbage-first heap   total 58368K, used 41371K [0x0000000083200000, 0x0000000100000000)
  region size 1024K, 34 young (34816K), 8 survivors (8192K)
 Metaspace       used 24547K, committed 24832K, reserved 1114112K
  class space    used 3119K, committed 3264K, reserved 1048576K
}
Event: 4.575 GC heap after
{Heap after GC invocations=6 (full 0):
 garbage-first heap   total 58368K, used 16465K [0x0000000083200000, 0x0000000100000000)
  region size 1024K, 3 young (3072K), 3 survivors (3072K)
 Metaspace       used 24547K, committed 24832K, reserved 1114112K
  class space    used 3119K, committed 3264K, reserved 1048576K
}
Event: 11.128 GC heap before
{Heap before GC invocations=6 (full 0):
 garbage-first heap   total 58368K, used 40017K [0x0000000083200000, 0x0000000100000000)
  region size 1024K, 26 young (26624K), 3 survivors (3072K)
 Metaspace       used 29206K, committed 29632K, reserved 1114112K
  class space    used 3744K, committed 3968K, reserved 1048576K
}
Event: 11.143 GC heap after
{Heap after GC invocations=7 (full 0):
 garbage-first heap   total 58368K, used 18551K [0x0000000083200000, 0x0000000100000000)
  region size 1024K, 4 young (4096K), 4 survivors (4096K)
 Metaspace       used 29206K, committed 29632K, reserved 1114112K
  class space    used 3744K, committed 3968K, reserved 1048576K
}
Event: 12.489 GC heap before
{Heap before GC invocations=7 (full 0):
 garbage-first heap   total 58368K, used 41079K [0x0000000083200000, 0x0000000100000000)
  region size 1024K, 27 young (27648K), 4 survivors (4096K)
 Metaspace       used 32681K, committed 33152K, reserved 1114112K
  class space    used 4205K, committed 4416K, reserved 1048576K
}
Event: 12.502 GC heap after
{Heap after GC invocations=8 (full 0):
 garbage-first heap   total 58368K, used 20404K [0x0000000083200000, 0x0000000100000000)
  region size 1024K, 2 young (2048K), 2 survivors (2048K)
 Metaspace       used 32681K, committed 33152K, reserved 1114112K
  class space    used 4205K, committed 4416K, reserved 1048576K
}

Deoptimization events (20 events):
Event: 12.043 Thread 0x000001489a929c20 Uncommon trap: trap_request=0xffffff45 fr.pc=0x0000014887bcfff0 relative=0x0000000000003550
Event: 12.043 Thread 0x000001489a929c20 Uncommon trap: reason=unstable_if action=reinterpret pc=0x0000014887bcfff0 method=java.net.URL.<init>(Ljava/net/URL;Ljava/lang/String;Ljava/net/URLStreamHandler;)V @ 57 c2
Event: 12.043 Thread 0x000001489a929c20 DEOPT PACKING pc=0x0000014887bcfff0 sp=0x00000026dbdfebb0
Event: 12.043 Thread 0x000001489a929c20 DEOPT UNPACKING pc=0x0000014880055c23 sp=0x00000026dbdfeb50 mode 2
Event: 12.043 Thread 0x000001489a929c20 Uncommon trap: trap_request=0xffffff45 fr.pc=0x0000014887caf9d4 relative=0x0000000000001cd4
Event: 12.043 Thread 0x000001489a929c20 Uncommon trap: reason=unstable_if action=reinterpret pc=0x0000014887caf9d4 method=java.net.URLStreamHandler.parseURL(Ljava/net/URL;Ljava/lang/String;II)V @ 57 c2
Event: 12.043 Thread 0x000001489a929c20 DEOPT PACKING pc=0x0000014887caf9d4 sp=0x00000026dbdfea30
Event: 12.043 Thread 0x000001489a929c20 DEOPT UNPACKING pc=0x0000014880055c23 sp=0x00000026dbdfe9c0 mode 2
Event: 12.044 Thread 0x00000148993fde30 Uncommon trap: trap_request=0xffffffde fr.pc=0x0000014887bf24dc relative=0x000000000000047c
Event: 12.044 Thread 0x00000148993fde30 Uncommon trap: reason=class_check action=maybe_recompile pc=0x0000014887bf24dc method=java.lang.StringConcatHelper.stringOf(Ljava/lang/Object;)Ljava/lang/String; @ 5 c2
Event: 12.044 Thread 0x00000148993fde30 DEOPT PACKING pc=0x0000014887bf24dc sp=0x00000026db9fbf50
Event: 12.044 Thread 0x00000148993fde30 DEOPT UNPACKING pc=0x0000014880055c23 sp=0x00000026db9fbe90 mode 2
Event: 12.107 Thread 0x00000148993fde30 Uncommon trap: trap_request=0xffffff45 fr.pc=0x0000014887b5ae88 relative=0x0000000000000348
Event: 12.107 Thread 0x00000148993fde30 Uncommon trap: reason=unstable_if action=reinterpret pc=0x0000014887b5ae88 method=org.springframework.boot.context.properties.source.ConfigurationPropertyName.getElement(ILorg/springframework/boot/context/properties/source/ConfigurationPropertyName$Form;)
Event: 12.107 Thread 0x00000148993fde30 DEOPT PACKING pc=0x0000014887b5ae88 sp=0x00000026db9fb750
Event: 12.107 Thread 0x00000148993fde30 DEOPT UNPACKING pc=0x0000014880055c23 sp=0x00000026db9fb708 mode 2
Event: 12.119 Thread 0x00000148993fde30 Uncommon trap: trap_request=0xffffff45 fr.pc=0x0000014887b7cfc4 relative=0x0000000000000224
Event: 12.119 Thread 0x00000148993fde30 Uncommon trap: reason=unstable_if action=reinterpret pc=0x0000014887b7cfc4 method=jdk.internal.org.objectweb.asm.Frame.push(I)V @ 26 c2
Event: 12.119 Thread 0x00000148993fde30 DEOPT PACKING pc=0x0000014887b7cfc4 sp=0x00000026db9fcb30
Event: 12.119 Thread 0x00000148993fde30 DEOPT UNPACKING pc=0x0000014880055c23 sp=0x00000026db9fcad8 mode 2

Classes loaded (20 events):
Event: 11.964 Loading class java/lang/Thread$State
Event: 11.965 Loading class java/lang/Thread$State done
Event: 11.966 Loading class java/util/concurrent/TimeUnit$1
Event: 11.967 Loading class java/util/concurrent/TimeUnit$1 done
Event: 11.969 Loading class java/util/concurrent/locks/AbstractQueuedSynchronizer$ExclusiveNode
Event: 11.969 Loading class java/util/concurrent/locks/AbstractQueuedSynchronizer$ConditionNode
Event: 11.971 Loading class java/util/concurrent/locks/AbstractQueuedSynchronizer$Node
Event: 11.971 Loading class java/util/concurrent/locks/AbstractQueuedSynchronizer$Node done
Event: 11.971 Loading class java/util/concurrent/locks/AbstractQueuedSynchronizer$ExclusiveNode done
Event: 11.972 Loading class java/util/concurrent/locks/AbstractQueuedSynchronizer$ConditionNode done
Event: 12.039 Loading class java/util/concurrent/Executors$FinalizableDelegatedExecutorService
Event: 12.040 Loading class java/util/concurrent/Executors$DelegatedExecutorService
Event: 12.041 Loading class java/util/concurrent/Executors$DelegatedExecutorService done
Event: 12.041 Loading class java/util/concurrent/Executors$FinalizableDelegatedExecutorService done
Event: 12.162 Loading class javax/naming/Referenceable
Event: 12.163 Loading class javax/naming/Referenceable done
Event: 12.242 Loading class java/lang/instrument/ClassFileTransformer
Event: 12.242 Loading class java/lang/instrument/ClassFileTransformer done
Event: 12.677 Loading class java/util/UUID$Holder
Event: 12.679 Loading class java/util/UUID$Holder done

Classes unloaded (0 events):
No events

Classes redefined (0 events):
No events

Internal exceptions (20 events):
Event: 10.046 Thread 0x00000148993fde30 Exception <a 'java/lang/NoSuchMethodError'{0x0000000085df7c20}: 'int java.lang.invoke.DirectMethodHandle$Holder.invokeSpecial(java.lang.Object, java.lang.Object, int)'> (0x0000000085df7c20) 
thrown [s\open\src\hotspot\share\interpreter\linkResolver.cpp, line 766]
Event: 10.050 Thread 0x00000148993fde30 Exception <a 'java/lang/NoSuchMethodError'{0x0000000085c08800}: 'void java.lang.invoke.DirectMethodHandle$Holder.invokeStatic(java.lang.Object, java.lang.Object, java.lang.Object, int, java.lang.Object)'> (0x0000000085c08800) 
thrown [s\open\src\hotspot\share\interpreter\linkResolver.cpp, line 766]
Event: 10.051 Thread 0x00000148993fde30 Exception <a 'java/lang/NoSuchMethodError'{0x0000000085c0fc78}: 'java.lang.Object java.lang.invoke.DirectMethodHandle$Holder.newInvokeSpecial(java.lang.Object, java.lang.Object, java.lang.Object, int)'> (0x0000000085c0fc78) 
thrown [s\open\src\hotspot\share\interpreter\linkResolver.cpp, line 766]
Event: 10.051 Thread 0x00000148993fde30 Exception <a 'java/lang/NoSuchMethodError'{0x0000000085c13cf8}: 'java.lang.Object java.lang.invoke.DirectMethodHandle$Holder.invokeSpecial(java.lang.Object, java.lang.Object, java.lang.Object, java.lang.Object, int)'> (0x0000000085c13cf8) 
thrown [s\open\src\hotspot\share\interpreter\linkResolver.cpp, line 766]
Event: 10.051 Thread 0x00000148993fde30 Exception <a 'java/lang/NoSuchMethodError'{0x0000000085c17400}: 'java.lang.Object java.lang.invoke.Invokers$Holder.linkToTargetMethod(java.lang.Object, java.lang.Object, int, java.lang.Object)'> (0x0000000085c17400) 
thrown [s\open\src\hotspot\share\interpreter\linkResolver.cpp, line 766]
Event: 10.562 Thread 0x00000148993fde30 Exception <a 'java/lang/NoSuchMethodError'{0x0000000085810030}: 'java.lang.Object java.lang.invoke.DirectMethodHandle$Holder.invokeStaticInit(java.lang.Object, int, int, int, int)'> (0x0000000085810030) 
thrown [s\open\src\hotspot\share\interpreter\linkResolver.cpp, line 766]
Event: 10.836 Thread 0x00000148993fde30 Exception <a 'java/lang/NoSuchMethodError'{0x000000008586fd88}: 'java.lang.Object java.lang.invoke.DirectMethodHandle$Holder.invokeStaticInit(java.lang.Object, java.lang.Object, int, int, int, int)'> (0x000000008586fd88) 
thrown [s\open\src\hotspot\share\interpreter\linkResolver.cpp, line 766]
Event: 11.196 Thread 0x00000148993fde30 Exception <a 'sun/nio/fs/WindowsException'{0x0000000087cc50c0}> (0x0000000087cc50c0) 
thrown [s\open\src\hotspot\share\prims\jni.cpp, line 516]
Event: 11.200 Thread 0x00000148993fde30 Exception <a 'sun/nio/fs/WindowsException'{0x0000000087ccaae8}> (0x0000000087ccaae8) 
thrown [s\open\src\hotspot\share\prims\jni.cpp, line 516]
Event: 11.200 Thread 0x00000148993fde30 Exception <a 'sun/nio/fs/WindowsException'{0x0000000087ccb1c0}> (0x0000000087ccb1c0) 
thrown [s\open\src\hotspot\share\prims\jni.cpp, line 516]
Event: 11.219 Thread 0x00000148993fde30 Exception <a 'java/lang/NoSuchMethodError'{0x0000000087ce92e0}: 'int java.lang.invoke.DirectMethodHandle$Holder.invokeVirtual(java.lang.Object, java.lang.Object, java.lang.Object, java.lang.Object)'> (0x0000000087ce92e0) 
thrown [s\open\src\hotspot\share\interpreter\linkResolver.cpp, line 766]
Event: 11.221 Thread 0x00000148993fde30 Exception <a 'java/lang/NoSuchMethodError'{0x0000000087cecdf8}: 'int java.lang.invoke.DelegatingMethodHandle$Holder.reinvoke_L(java.lang.Object, java.lang.Object, java.lang.Object, java.lang.Object)'> (0x0000000087cecdf8) 
thrown [s\open\src\hotspot\share\interpreter\linkResolver.cpp, line 766]
Event: 11.552 Thread 0x00000148993fde30 Exception <a 'java/io/FileNotFoundException'{0x0000000087bfbb38}> (0x0000000087bfbb38) 
thrown [s\open\src\hotspot\share\prims\jni.cpp, line 516]
Event: 11.741 Thread 0x00000148993fde30 Exception <a 'java/lang/NoSuchMethodError'{0x000000008784a540}: 'int java.lang.invoke.DirectMethodHandle$Holder.invokeInterface(java.lang.Object, java.lang.Object, java.lang.Object, java.lang.Object)'> (0x000000008784a540) 
thrown [s\open\src\hotspot\share\interpreter\linkResolver.cpp, line 766]
Event: 11.933 Thread 0x00000148993fde30 Exception <a 'java/lang/NoSuchMethodError'{0x000000008764e5c0}: 'long java.lang.invoke.DirectMethodHandle$Holder.invokeVirtual(java.lang.Object, java.lang.Object)'> (0x000000008764e5c0) 
thrown [s\open\src\hotspot\share\interpreter\linkResolver.cpp, line 766]
Event: 11.940 Thread 0x00000148993fde30 Exception <a 'java/io/FileNotFoundException'{0x0000000087679220}> (0x0000000087679220) 
thrown [s\open\src\hotspot\share\prims\jni.cpp, line 516]
Event: 12.118 Thread 0x00000148993fde30 Exception <a 'java/lang/NoSuchMethodError'{0x0000000085ceda80}: 'java.lang.Object java.lang.invoke.DirectMethodHandle$Holder.newInvokeSpecial(java.lang.Object, java.lang.Object, java.lang.Object, java.lang.Object, java.lang.Object, java.lang.Object, java.lang.Object, java.lang.Object, java.lang.Object, java.lang.Object, java.lang.Object)'> (0x0000000085ceda80) 
thrown [s\open\src\hotspot\share\interpreter\linkResolver.cpp, line 766]
Event: 12.124 Thread 0x00000148993fde30 Exception <a 'java/lang/NoSuchMethodError'{0x0000000085cf2ca8}: 'java.lang.Object java.lang.invoke.DirectMethodHandle$Holder.invokeSpecial(java.lang.Object, java.lang.Object, java.lang.Object, java.lang.Object, java.lang.Object, java.lang.Object, java.lang.Object, java.lang.Object, java.lang.Object, java.lang.Object, java.lang.Object, java.lang.Object)'> (0x0000000085cf2ca8) 
thrown [s\open\src\hotspot\share\interpreter\linkResolver.cpp, line 766]
Event: 12.187 Thread 0x00000148993fde30 Exception <a 'sun/nio/fs/WindowsException'{0x0000000085a4e290}> (0x0000000085a4e290) 
thrown [s\open\src\hotspot\share\prims\jni.cpp, line 516]
Event: 12.311 Thread 0x00000148993fde30 Exception <a 'java/lang/NoSuchMethodError'{0x0000000085841748}: 'void java.lang.invoke.DelegatingMethodHandle$Holder.reinvoke_L(java.lang.Object, java.lang.Object, java.lang.Object, java.lang.Object, int, java.lang.Object, java.lang.Object, java.lang.Object)'> (0x0000000085841748) 
thrown [s\open\src\hotspot\share\interpreter\linkResolver.cpp, line 766]

VM Operations (20 events):
Event: 10.099 Executing VM operation: Cleanup
Event: 10.099 Executing VM operation: Cleanup done
Event: 10.617 Executing VM operation: HandshakeAllThreads
Event: 10.617 Executing VM operation: HandshakeAllThreads done
Event: 11.128 Executing VM operation: G1CollectForAllocation
Event: 11.143 Executing VM operation: G1CollectForAllocation done
Event: 11.658 Executing VM operation: HandshakeAllThreads
Event: 11.658 Executing VM operation: HandshakeAllThreads done
Event: 11.779 Executing VM operation: HandshakeAllThreads
Event: 11.779 Executing VM operation: HandshakeAllThreads done
Event: 11.779 Executing VM operation: HandshakeAllThreads
Event: 11.779 Executing VM operation: HandshakeAllThreads done
Event: 11.947 Executing VM operation: HandshakeAllThreads
Event: 11.947 Executing VM operation: HandshakeAllThreads done
Event: 12.042 Executing VM operation: HandshakeAllThreads
Event: 12.042 Executing VM operation: HandshakeAllThreads done
Event: 12.107 Executing VM operation: HandshakeAllThreads
Event: 12.107 Executing VM operation: HandshakeAllThreads done
Event: 12.489 Executing VM operation: G1CollectForAllocation
Event: 12.504 Executing VM operation: G1CollectForAllocation done

Events (20 events):
Event: 0.041 Thread 0x00000148feb74a40 Thread added: 0x00000148feb74a40
Event: 0.077 Thread 0x00000148990a9ee0 Thread added: 0x00000148990a9ee0
Event: 0.080 Thread 0x00000148990b4de0 Thread added: 0x00000148990b4de0
Event: 0.084 Loaded shared library C:\Program Files\Java\jdk-18.0.1.1\bin\net.dll
Event: 0.085 Loaded shared library C:\Program Files\Java\jdk-18.0.1.1\bin\nio.dll
Event: 0.087 Loaded shared library C:\Program Files\Java\jdk-18.0.1.1\bin\zip.dll
Event: 0.172 Loaded shared library C:\Program Files\Java\jdk-18.0.1.1\bin\jimage.dll
Event: 0.925 Loaded shared library C:\Program Files\Java\jdk-18.0.1.1\bin\management.dll
Event: 0.935 Loaded shared library C:\Program Files\Java\jdk-18.0.1.1\bin\management_ext.dll
Event: 1.001 Thread 0x00000148993fd970 Thread added: 0x00000148993fd970
Event: 1.005 Thread 0x00000148993fde30 Thread added: 0x00000148993fde30
Event: 1.438 Thread 0x0000014899f151d0 Thread added: 0x0000014899f151d0
Event: 2.229 Thread 0x000001489a26c550 Thread added: 0x000001489a26c550
Event: 2.392 Thread 0x000001489a26c550 Thread exited: 0x000001489a26c550
Event: 2.751 Loaded shared library C:\Program Files\Java\jdk-18.0.1.1\bin\sunmscapi.dll
Event: 2.765 Thread 0x0000014899f151d0 Thread exited: 0x0000014899f151d0
Event: 11.966 Thread 0x0000014899f76940 Thread added: 0x0000014899f76940
Event: 11.969 Thread 0x000001489a8c7a40 Thread added: 0x000001489a8c7a40
Event: 11.982 Thread 0x000001489a928410 Thread added: 0x000001489a928410
Event: 12.042 Thread 0x000001489a929c20 Thread added: 0x000001489a929c20


Dynamic libraries:
0x00007ff686dd0000 - 0x00007ff686de0000 	C:\Program Files\Java\jdk-18.0.1.1\bin\java.exe
0x00007ffc5fc70000 - 0x00007ffc5fe87000 	C:\WINDOWS\SYSTEM32\ntdll.dll
0x00007ffc5dfb0000 - 0x00007ffc5e074000 	C:\WINDOWS\System32\KERNEL32.DLL
0x00007ffc5d140000 - 0x00007ffc5d513000 	C:\WINDOWS\System32\KERNELBASE.dll
0x00007ffc5d020000 - 0x00007ffc5d131000 	C:\WINDOWS\System32\ucrtbase.dll
0x00007ffc49010000 - 0x00007ffc49028000 	C:\Program Files\Java\jdk-18.0.1.1\bin\jli.dll
0x00007ffc5e380000 - 0x00007ffc5e431000 	C:\WINDOWS\System32\ADVAPI32.dll
0x00007ffc5d920000 - 0x00007ffc5d9c7000 	C:\WINDOWS\System32\msvcrt.dll
0x00007ffc5f7a0000 - 0x00007ffc5f848000 	C:\WINDOWS\System32\sechost.dll
0x00007ffc5ce30000 - 0x00007ffc5ce58000 	C:\WINDOWS\System32\bcrypt.dll
0x00007ffc5e1d0000 - 0x00007ffc5e2e4000 	C:\WINDOWS\System32\RPCRT4.dll
0x00007ffc5dd80000 - 0x00007ffc5df31000 	C:\WINDOWS\System32\USER32.dll
0x00007ffc5d750000 - 0x00007ffc5d776000 	C:\WINDOWS\System32\win32u.dll
0x00007ffc5fc00000 - 0x00007ffc5fc29000 	C:\WINDOWS\System32\GDI32.dll
0x00007ffc5d780000 - 0x00007ffc5d89b000 	C:\WINDOWS\System32\gdi32full.dll
0x00007ffc5cd90000 - 0x00007ffc5ce2a000 	C:\WINDOWS\System32\msvcp_win.dll
0x00007ffc3ab30000 - 0x00007ffc3adc8000 	C:\WINDOWS\WinSxS\amd64_microsoft.windows.common-controls_6595b64144ccf1df_6.0.22621.5124_none_270e8f4f7386d69d\COMCTL32.dll
0x00007ffc48f50000 - 0x00007ffc48f6a000 	C:\Program Files\Java\jdk-18.0.1.1\bin\VCRUNTIME140.dll
0x00007ffc49380000 - 0x00007ffc4938a000 	C:\WINDOWS\SYSTEM32\VERSION.dll
0x00007ffc5e080000 - 0x00007ffc5e0b1000 	C:\WINDOWS\System32\IMM32.DLL
0x00007ffc58080000 - 0x00007ffc5808c000 	C:\Program Files\Java\jdk-18.0.1.1\bin\vcruntime140_1.dll
0x00007ffbdfdf0000 - 0x00007ffbdfe7d000 	C:\Program Files\Java\jdk-18.0.1.1\bin\msvcp140.dll
0x00007ffbd26a0000 - 0x00007ffbd32b0000 	C:\Program Files\Java\jdk-18.0.1.1\bin\server\jvm.dll
0x00007ffc5dd70000 - 0x00007ffc5dd78000 	C:\WINDOWS\System32\PSAPI.DLL
0x00007ffc57010000 - 0x00007ffc57044000 	C:\WINDOWS\SYSTEM32\WINMM.dll
0x00007ffc56c90000 - 0x00007ffc56c99000 	C:\WINDOWS\SYSTEM32\WSOCK32.dll
0x00007ffc5ee80000 - 0x00007ffc5eef1000 	C:\WINDOWS\System32\WS2_32.dll
0x00007ffc5bdc0000 - 0x00007ffc5bdd8000 	C:\WINDOWS\SYSTEM32\kernel.appcore.dll
0x00007ffc552d0000 - 0x00007ffc552da000 	C:\Program Files\Java\jdk-18.0.1.1\bin\jimage.dll
0x00007ffc59c00000 - 0x00007ffc59e32000 	C:\WINDOWS\SYSTEM32\DBGHELP.DLL
0x00007ffc5d9d0000 - 0x00007ffc5dd62000 	C:\WINDOWS\System32\combase.dll
0x00007ffc5fb10000 - 0x00007ffc5fbe7000 	C:\WINDOWS\System32\OLEAUT32.dll
0x00007ffc56c30000 - 0x00007ffc56c62000 	C:\WINDOWS\SYSTEM32\dbgcore.DLL
0x00007ffc5d8a0000 - 0x00007ffc5d91b000 	C:\WINDOWS\System32\bcryptPrimitives.dll
0x00007ffc3de60000 - 0x00007ffc3de85000 	C:\Program Files\Java\jdk-18.0.1.1\bin\java.dll
0x00007ffbdc930000 - 0x00007ffbdca06000 	C:\Program Files\Java\jdk-18.0.1.1\bin\jsvml.dll
0x00007ffc5ef00000 - 0x00007ffc5f796000 	C:\WINDOWS\System32\SHELL32.dll
0x00007ffc5ce60000 - 0x00007ffc5cf9f000 	C:\WINDOWS\System32\wintypes.dll
0x00007ffc5acc0000 - 0x00007ffc5b5da000 	C:\WINDOWS\SYSTEM32\windows.storage.dll
0x00007ffc5ebb0000 - 0x00007ffc5ecba000 	C:\WINDOWS\System32\SHCORE.dll
0x00007ffc5df40000 - 0x00007ffc5dfa3000 	C:\WINDOWS\System32\shlwapi.dll
0x00007ffc5ccc0000 - 0x00007ffc5cceb000 	C:\WINDOWS\SYSTEM32\profapi.dll
0x00007ffc48de0000 - 0x00007ffc48df3000 	C:\Program Files\Java\jdk-18.0.1.1\bin\net.dll
0x00007ffc57720000 - 0x00007ffc5784c000 	C:\WINDOWS\SYSTEM32\WINHTTP.dll
0x00007ffc5c240000 - 0x00007ffc5c2aa000 	C:\WINDOWS\system32\mswsock.dll
0x00007ffc48100000 - 0x00007ffc48116000 	C:\Program Files\Java\jdk-18.0.1.1\bin\nio.dll
0x00007ffc47660000 - 0x00007ffc47678000 	C:\Program Files\Java\jdk-18.0.1.1\bin\zip.dll
0x00007ffc48fd0000 - 0x00007ffc48fd9000 	C:\Program Files\Java\jdk-18.0.1.1\bin\management.dll
0x00007ffc31fd0000 - 0x00007ffc31fdb000 	C:\Program Files\Java\jdk-18.0.1.1\bin\management_ext.dll
0x00007ffc31fc0000 - 0x00007ffc31fce000 	C:\Program Files\Java\jdk-18.0.1.1\bin\sunmscapi.dll
0x00007ffc5d5e0000 - 0x00007ffc5d746000 	C:\WINDOWS\System32\CRYPT32.dll
0x00007ffc5c740000 - 0x00007ffc5c76d000 	C:\WINDOWS\SYSTEM32\ncrypt.dll
0x00007ffc5c700000 - 0x00007ffc5c737000 	C:\WINDOWS\SYSTEM32\NTASN1.dll
0x00007ffc5c4a0000 - 0x00007ffc5c4bb000 	C:\WINDOWS\SYSTEM32\CRYPTSP.dll
0x00007ffc5bd20000 - 0x00007ffc5bd57000 	C:\WINDOWS\system32\rsaenh.dll
0x00007ffc5c330000 - 0x00007ffc5c358000 	C:\WINDOWS\SYSTEM32\USERENV.dll
0x00007ffc5c490000 - 0x00007ffc5c49c000 	C:\WINDOWS\SYSTEM32\CRYPTBASE.dll
0x00007ffc5b830000 - 0x00007ffc5b85d000 	C:\WINDOWS\SYSTEM32\IPHLPAPI.DLL
0x00007ffc5eba0000 - 0x00007ffc5eba9000 	C:\WINDOWS\System32\NSI.dll
0x00007ffc55f10000 - 0x00007ffc55f29000 	C:\WINDOWS\SYSTEM32\dhcpcsvc6.DLL
0x00007ffc55ea0000 - 0x00007ffc55ebf000 	C:\WINDOWS\SYSTEM32\dhcpcsvc.DLL
0x00007ffc5b860000 - 0x00007ffc5b962000 	C:\WINDOWS\SYSTEM32\DNSAPI.dll

dbghelp: loaded successfully - version: 4.0.5 - missing functions: none
symbol engine: initialized successfully - sym options: 0x614 - pdb path: .;C:\Program Files\Java\jdk-18.0.1.1\bin;C:\WINDOWS\SYSTEM32;C:\WINDOWS\WinSxS\amd64_microsoft.windows.common-controls_6595b64144ccf1df_6.0.22621.5124_none_270e8f4f7386d69d;C:\Program Files\Java\jdk-18.0.1.1\bin\server

VM Arguments:
jvm_args: -XX:+ShowCodeDetailsInExceptionMessages 
java_command: com.example.chetos.ChetosApplication
java_class_path (initial): C:\Users\morae\Documents\chetos\target\classes;C:\Users\morae\.m2\repository\org\springframework\boot\spring-boot-starter-data-jpa\3.4.4\spring-boot-starter-data-jpa-3.4.4.jar;C:\Users\morae\.m2\repository\org\springframework\boot\spring-boot-starter\3.4.4\spring-boot-starter-3.4.4.jar;C:\Users\morae\.m2\repository\org\springframework\boot\spring-boot-starter-logging\3.4.4\spring-boot-starter-logging-3.4.4.jar;C:\Users\morae\.m2\repository\ch\qos\logback\logback-classic\1.5.18\logback-classic-1.5.18.jar;C:\Users\morae\.m2\repository\ch\qos\logback\logback-core\1.5.18\logback-core-1.5.18.jar;C:\Users\morae\.m2\repository\org\apache\logging\log4j\log4j-to-slf4j\2.24.3\log4j-to-slf4j-2.24.3.jar;C:\Users\morae\.m2\repository\org\apache\logging\log4j\log4j-api\2.24.3\log4j-api-2.24.3.jar;C:\Users\morae\.m2\repository\org\slf4j\jul-to-slf4j\2.0.17\jul-to-slf4j-2.0.17.jar;C:\Users\morae\.m2\repository\jakarta\annotation\jakarta.annotation-api\2.1.1\jakarta.annotation-api-2.1.1.jar;C:\Users\morae\.m2\repository\org\yaml\snakeyaml\2.3\snakeyaml-2.3.jar;C:\Users\morae\.m2\repository\org\springframework\boot\spring-boot-starter-jdbc\3.4.4\spring-boot-starter-jdbc-3.4.4.jar;C:\Users\morae\.m2\repository\com\zaxxer\HikariCP\5.1.0\HikariCP-5.1.0.jar;C:\Users\morae\.m2\repository\org\springframework\spring-jdbc\6.2.5\spring-jdbc-6.2.5.jar;C:\Users\morae\.m2\repository\org\hibernate\orm\hibernate-core\6.6.11.Final\hibernate-core-6.6.11.Final.jar;C:\Users\morae\.m2\repository\jakarta\persistence\jakarta.persistence-api\3.1.0\jakarta.persistence-api-3.1.0.jar;C:\Users\morae\.m2\repository\jakarta\transaction\jakarta.transaction-api\2.0.1\jakarta.transaction-api-2.0.1.jar;C:\Users\morae\.m2\repository\org\jboss\logging\jboss-logging\3.6.1.Final\jboss-logging-3.6.1.Final.jar;C:\Users\morae\.m2\repository\org\hibernate\common\hibernate-commons-annotations\7.0.3.Final\hibernate-commons-annotations-7.0.3.Final.jar;C:\Users\morae\.m2\repository\io\smallrye\jandex\3.2.0\jandex-3.2.0.jar;C:\Users\morae\.m2\repository\com\fasterxml\classmate\1.7.0\classmate-1.7.0.jar;C:\Users\morae\.m2\repository\net\bytebuddy\byte-buddy\1.15.11\byte-buddy-1.15.11.jar;C:\Users\morae\.m2\repository\org\glassfish\jaxb\jaxb-runtime\4.0.5\jaxb-runtime-4.0.5.jar;C:\Users\morae\.m2\repository\org\glassfish\jaxb\jaxb-core\4.0.5\jaxb-core-4.0.5.jar;C:\Users\morae\.m2\repository\org\eclipse\angus\angus-activation\2.0.2\angus-activation-2.0.2.jar;C:\Users\morae\.m2\repository\org\glassfish\jaxb\txw2\4.0.5\txw2-4.0.5.jar;C:\Users\morae\.m2\repository\com\sun\istack\istack-commons-runtime\4.1.2\istack-commons-runtime-4.1.2.jar;C:\Users\morae\.m2\repository\jakarta\inject\jakarta.inject-api\2.0.1\jakarta.inject-api-2.0.1.jar;C:\Users\morae\.m2\repository\org\antlr\antlr4-runtime\4.13.0\antlr4-runtime-4.13.0.jar;C:\Users\morae\.m2\repository\org\springframework\data\spring-data-jpa\3.4.4\spring-data-jpa-3.4.4.jar;C:\Users\morae\.m2\repository\org\springframework\data\spring-data-commons\3.4.4\spring-data-commons-3.4.4.jar;C:\Users\morae\.m2\repository\org\springframework\spring-orm\6.2.5\spring-orm-6.2.5.jar;C:\Users\morae\.m2\repository\org\springframework\spring-context\6.2.5\spring-context-6.2.5.jar;C:\Users\morae\.m2\repository\org\springframework\spring-tx\6.2.5\spring-tx-6.2.5.jar;C:\Users\morae\.m2\repository\org\springframework\spring-beans\6.2.5\spring-beans-6.2.5.jar;C:\Users\morae\.m2\repository\org\springframework\spring-aspects\6.2.5\spring-aspects-6.2.5.jar;C:\Users\morae\.m2\repository\org\aspectj\aspectjweaver\1.9.23\aspectjweaver-1.9.23.jar;C:\Users\morae\.m2\repository\org\springframework\boot\spring-boot-starter-security\3.4.4\spring-boot-starter-security-3.4.4.jar;C:\Users\morae\.m2\repository\org\springframework\spring-aop\6.2.5\spring-aop-6.2.5.jar;C:\Users\morae\.m2\repository\org\springframework\security\spring-security-config\6.4.4\spring-security-config-6.4.4.jar;C:\Users\morae\.m2\repository\org\springframework\security\spring-security-web\6.4.4\spring-security-web-6.4.4.jar;C:\Users\morae\.m2\repository\org\springframework\spring-expression\6.2.5\spring-expression-6.2.5.jar;C:\Users\morae\.m2\repository\org\springframework\boot\spring-boot-starter-thymeleaf\3.4.4\spring-boot-starter-thymeleaf-3.4.4.jar;C:\Users\morae\.m2\repository\org\thymeleaf\thymeleaf-spring6\3.1.3.RELEASE\thymeleaf-spring6-3.1.3.RELEASE.jar;C:\Users\morae\.m2\repository\org\thymeleaf\thymeleaf\3.1.3.RELEASE\thymeleaf-3.1.3.RELEASE.jar;C:\Users\morae\.m2\repository\org\attoparser\attoparser\2.0.7.RELEASE\attoparser-2.0.7.RELEASE.jar;C:\Users\morae\.m2\repository\org\unbescape\unbescape\1.1.6.RELEASE\unbescape-1.1.6.RELEASE.jar;C:\Users\morae\.m2\repository\org\springframework\boot\spring-boot-starter-validation\3.4.4\spring-boot-starter-validation-3.4.4.jar;C:\Users\morae\.m2\repository\org\apache\tomcat\embed\tomcat-embed-el\10.1.39\tomcat-embed-el-10.1.39.jar;C:\Users\morae\.m2\repository\org\hibernate\validator\hibernate-validator\8.0.2.Final\hibernate-validator-8.0.2.Final.jar;C:\Users\morae\.m2\repository\jakarta\validation\jakarta.validation-api\3.0.2\jakarta.validation-api-3.0.2.jar;C:\Users\morae\.m2\repository\org\springframework\boot\spring-boot-starter-web\3.4.4\spring-boot-starter-web-3.4.4.jar;C:\Users\morae\.m2\repository\org\springframework\boot\spring-boot-starter-json\3.4.4\spring-boot-starter-json-3.4.4.jar;C:\Users\morae\.m2\repository\com\fasterxml\jackson\core\jackson-databind\2.18.3\jackson-databind-2.18.3.jar;C:\Users\morae\.m2\repository\com\fasterxml\jackson\core\jackson-annotations\2.18.3\jackson-annotations-2.18.3.jar;C:\Users\morae\.m2\repository\com\fasterxml\jackson\core\jackson-core\2.18.3\jackson-core-2.18.3.jar;C:\Users\morae\.m2\repository\com\fasterxml\jackson\datatype\jackson-datatype-jdk8\2.18.3\jackson-datatype-jdk8-2.18.3.jar;C:\Users\morae\.m2\repository\com\fasterxml\jackson\datatype\jackson-datatype-jsr310\2.18.3\jackson-datatype-jsr310-2.18.3.jar;C:\Users\morae\.m2\repository\com\fasterxml\jackson\module\jackson-module-parameter-names\2.18.3\jackson-module-parameter-names-2.18.3.jar;C:\Users\morae\.m2\repository\org\springframework\boot\spring-boot-starter-tomcat\3.4.4\spring-boot-starter-tomcat-3.4.4.jar;C:\Users\morae\.m2\repository\org\apache\tomcat\embed\tomcat-embed-core\10.1.39\tomcat-embed-core-10.1.39.jar;C:\Users\morae\.m2\repository\org\apache\tomcat\embed\tomcat-embed-websocket\10.1.39\tomcat-embed-websocket-10.1.39.jar;C:\Users\morae\.m2\repository\org\springframework\spring-web\6.2.5\spring-web-6.2.5.jar;C:\Users\morae\.m2\repository\io\micrometer\micrometer-observation\1.14.5\micrometer-observation-1.14.5.jar;C:\Users\morae\.m2\repository\io\micrometer\micrometer-commons\1.14.5\micrometer-commons-1.14.5.jar;C:\Users\morae\.m2\repository\org\springframework\spring-webmvc\6.2.5\spring-webmvc-6.2.5.jar;C:\Users\morae\.m2\repository\org\thymeleaf\extras\thymeleaf-extras-springsecurity6\3.1.3.RELEASE\thymeleaf-extras-springsecurity6-3.1.3.RELEASE.jar;C:\Users\morae\.m2\repository\org\slf4j\slf4j-api\2.0.17\slf4j-api-2.0.17.jar;C:\Users\morae\.m2\repository\org\springframework\boot\spring-boot-devtools\3.4.4\spring-boot-devtools-3.4.4.jar;C:\Users\morae\.m2\repository\org\springframework\boot\spring-boot\3.4.4\spring-boot-3.4.4.jar;C:\Users\morae\.m2\repository\org\springframework\boot\spring-boot-autoconfigure\3.4.4\spring-boot-autoconfigure-3.4.4.jar;C:\Users\morae\.m2\repository\com\mysql\mysql-connector-j\9.1.0\mysql-connector-j-9.1.0.jar;C:\Users\morae\.m2\repository\jakarta\xml\bind\jakarta.xml.bind-api\4.0.2\jakarta.xml.bind-api-4.0.2.jar;C:\Users\morae\.m2\repository\jakarta\activation\jakarta.activation-api\2.1.3\jakarta.activation-api-2.1.3.jar;C:\Users\morae\.m2\repository\org\springframework\spring-core\6.2.5\spring-core-6.2.5.jar;C:\Users\morae\.m2\repository\org\springframework\spring-jcl\6.2.5\spring-jcl-6.2.5.jar;C:\Users\morae\.m2\repository\org\springframework\security\spring-security-core\6.4.4\spring-security-core-6.4.4.jar;C:\Users\morae\.m2\repository\org\springframework\security\spring-security-crypto\6.4.4\spring-security-crypto-6.4.4.jar
Launcher Type: SUN_STANDARD

[Global flags]
     intx CICompilerCount                          = 3                                         {product} {ergonomic}
     uint ConcGCThreads                            = 1                                         {product} {ergonomic}
     uint G1ConcRefinementThreads                  = 4                                         {product} {ergonomic}
   size_t G1HeapRegionSize                         = 1048576                                   {product} {ergonomic}
    uintx GCDrainStackTargetSize                   = 64                                        {product} {ergonomic}
   size_t InitialHeapSize                          = 132120576                                 {product} {ergonomic}
   size_t MarkStackSize                            = 4194304                                   {product} {ergonomic}
   size_t MaxHeapSize                              = 2095054848                                {product} {ergonomic}
   size_t MaxNewSize                               = 1256194048                                {product} {ergonomic}
   size_t MinHeapDeltaBytes                        = 1048576                                   {product} {ergonomic}
   size_t MinHeapSize                              = 8388608                                   {product} {ergonomic}
    uintx NonNMethodCodeHeapSize                   = 5832780                                {pd product} {ergonomic}
    uintx NonProfiledCodeHeapSize                  = 122912730                              {pd product} {ergonomic}
    uintx ProfiledCodeHeapSize                     = 122912730                              {pd product} {ergonomic}
    uintx ReservedCodeCacheSize                    = 251658240                              {pd product} {ergonomic}
     bool SegmentedCodeCache                       = true                                      {product} {ergonomic}
     bool ShowCodeDetailsInExceptionMessages       = true                                   {manageable} {command line}
   size_t SoftMaxHeapSize                          = 2095054848                             {manageable} {ergonomic}
     bool UseCompressedClassPointers               = true                           {product lp64_product} {ergonomic}
     bool UseCompressedOops                        = true                           {product lp64_product} {ergonomic}
     bool UseG1GC                                  = true                                      {product} {ergonomic}
     bool UseLargePagesIndividualAllocation        = false                                  {pd product} {ergonomic}

Logging:
Log output configuration:
 #0: stdout all=warning uptime,level,tags foldmultilines=false
 #1: stderr all=off uptime,level,tags foldmultilines=false

Environment Variables:
JAVA_HOME=C:\Program Files\Java\jdk-18.0.1.1
PATH=C:\Users\morae\AppData\Local\fnm_multishells\3880_1739976549613;C:\Program Files\Common Files\Oracle\Java\javapath;C:\Program Files (x86)\Common Files\Oracle\Java\javapath;C:\Python311\Scripts\;C:\Python311\;C:\WINDOWS\system32;C:\WINDOWS;C:\WINDOWS\System32\Wbem;C:\WINDOWS\System32\WindowsPowerShell\v1.0\;C:\WINDOWS\System32\OpenSSH\;C:\Program Files\NetMake\v9-php81\components\php;C:\ProgramData\chocolatey\bin;C:\Program Files\nodejs\;C:\Program Files\Git\cmd;C:\Users\morae\.cargo\bin;C:\Users\morae\AppData\Local\Microsoft\WindowsApps;C:\Users\morae\AppData\Local\Programs\Microsoft VS Code\bin;C:\Users\morae\AppData\Roaming\npm;C:\ProgramData\morae\GitHubDesktop\bin
USERNAME=morae
LANG=es_ES.UTF-8
OS=Windows_NT
PROCESSOR_IDENTIFIER=Intel64 Family 6 Model 140 Stepping 1, GenuineIntel



---------------  S Y S T E M  ---------------

OS:
 Windows 11 , 64 bit Build 22621 (10.0.22621.5124)
OS uptime: 0 days 12:38 hours

CPU: total 4 (initial active 4) (2 cores per cpu, 2 threads per core) family 6 model 140 stepping 1 microcode 0x8a, cx8, cmov, fxsr, ht, mmx, 3dnowpref, sse, sse2, sse3, ssse3, sse4.1, sse4.2, popcnt, lzcnt, tsc, tscinvbit, avx, avx2, aes, erms, clmul, bmi1, bmi2, adx, avx512f, avx512dq, avx512cd, avx512bw, avx512vl, sha, fma, vzeroupper, avx512_vpopcntdq, avx512_vpclmulqdq, avx512_vaes, avx512_vnni, clflush, clflushopt, clwb, avx512_vbmi2, avx512_vbmi

Memory: 4k page, system-wide physical 7991M (152M free)
TotalPageFile size 16807M (AvailPageFile size 4M)
current process WorkingSet (physical memory assigned to process): 177M, peak: 179M
current process commit charge ("private bytes"): 211M, peak: 257M

vm_info: Java HotSpot(TM) 64-Bit Server VM (18.0.1.1+2-6) for windows-amd64 JRE (18.0.1.1+2-6), built on Apr 25 2022 21:53:15 by "mach5one" with MS VC++ 16.8 / 16.9 (VS2019)

END.
